// Vitest Snapshot v1

exports[`<App /> > should render correctly 1`] = `ShallowWrapper {}`;
